// Jest Snapshot v1, https://goo.gl/fbAQLP

exports[`Gallery Image test suite Should render Gallery Image correctly 1`] = `
<li>
  <img
    alt="Gallery gif"
    class="sc-bdVaJa hOKMwW"
    src="myGif.gif"
  />
</li>
`;
